[query='COVID全球数据', file_ids=[]]
  answer: 回答: 根据提供的信息无法回答该问题。
来源: 【COVID-19全球数据集（节选）.xlsx】
  sources(10):
    - COVID-19全球数据集（节选）.xlsx (page=0)
    - COVID-19全球数据集（节选）.xlsx (page=0)
    - COVID-19全球数据集（节选）.xlsx (page=0)
  confidence: 0.02

=== 文件列表 ===
  COVID-19全球数据集（节选）.xlsx status=indexed id=ddd271d7
  COVID-19 模板.xlsx status=uploaded id=69eb3c13
  2024年药品流通行业运行统计分析报告.txt status=indexed id=6acfaced
